---
source: src/ui/mod.rs
expression: terminal.backend()
---
"                                                                                "
"                                                                                "
"                                                                                "
"     ╭ type ──────────────────────────────────────────────────────────────╮     "
"     │find /var/log -name '*.log' -mtime +7 -exec gzip {} \;              │     "
"     │                                                                    │     "
"     │                                                                    │     "
"     ╰────────────────────────────────────────────────────────────────────╯     "
"     esc quit                                                                   "
"                                                                                "
"                                                                                "
"                                                                                "
