---
source: src/ui/mod.rs
expression: "draw(&app, 80, 8).backend()"
---
"                                                                                "
"                                                                                "
"        ╭ type ────────────────────────────────────────────────────────╮        "
"        │ls -l | wc -l                                                 │        "
"        ╰──────────────────────────────────────────────────────────────╯        "
"        Explain this · enter next · esc quit                                    "
"                                                                                "
"                                                                                "
